#
# There is insufficient memory for the Java Runtime Environment to continue.
# Native memory allocation (malloc) failed to allocate 2120016 bytes for Chunk::new
# Possible reasons:
#   The system is out of physical RAM or swap space
#   The process is running with CompressedOops enabled, and the Java Heap may be blocking the growth of the native heap
# Possible solutions:
#   Reduce memory load on the system
#   Increase physical memory or swap space
#   Check if swap backing store is full
#   Decrease Java heap size (-Xmx/-Xms)
#   Decrease number of Java threads
#   Decrease Java thread stack sizes (-Xss)
#   Set larger code cache with -XX:ReservedCodeCacheSize=
#   JVM is running with Unscaled Compressed Oops mode in which the Java heap is
#     placed in the first 4GB address space. The Java Heap base address is the
#     maximum limit for the native heap growth. Please use -XX:HeapBaseMinAddress
#     to set the Java Heap base and to place the Java Heap above 4GB virtual address.
# This output file may be truncated or incomplete.
#
#  Out of Memory Error (arena.cpp:168), pid=14220, tid=20484
#
# JRE version: Java(TM) SE Runtime Environment (21.0.5+9) (build 21.0.5+9-LTS-239)
# Java VM: Java HotSpot(TM) 64-Bit Server VM (21.0.5+9-LTS-239, mixed mode, sharing, tiered, compressed oops, compressed class ptrs, g1 gc, windows-amd64)
# No core dump will be written. Minidumps are not enabled by default on client versions of Windows
#

---------------  S U M M A R Y ------------

Command Line: -javaagent:C:\Program Files\JetBrains\IntelliJ IDEA 2024.3\lib\idea_rt.jar=60906:C:\Program Files\JetBrains\IntelliJ IDEA 2024.3\bin -Dfile.encoding=UTF-8 -Dsun.stdout.encoding=UTF-8 -Dsun.stderr.encoding=UTF-8 com.assuflex.assuflexapi.AssuflexApiApplication

Host: AMD Ryzen 3 3250U with Radeon Graphics         , 4 cores, 5G,  Windows 10 , 64 bit Build 19041 (10.0.19041.5915)
Time: Wed Jun 18 04:59:11 2025 Afr. centrale Ouest elapsed time: 52.100127 seconds (0d 0h 0m 52s)

---------------  T H R E A D  ---------------

Current thread (0x00000190243d7c00):  JavaThread "C2 CompilerThread0" daemon [_thread_in_native, id=20484, stack(0x0000002fc0700000,0x0000002fc0800000) (1024K)]


Current CompileTask:
C2:  52100 8863   !   4       org.springframework.aop.aspectj.AspectJExpressionPointcut::getShadowMatch (239 bytes)

Stack: [0x0000002fc0700000,0x0000002fc0800000]
Native frames: (J=compiled Java code, j=interpreted, Vv=VM code, C=native code)
V  [jvm.dll+0x6ca289]
V  [jvm.dll+0x854a51]
V  [jvm.dll+0x856f7e]
V  [jvm.dll+0x857653]
V  [jvm.dll+0x27dd26]
V  [jvm.dll+0xc4c2d]
V  [jvm.dll+0xc5163]
V  [jvm.dll+0x3b4d02]
V  [jvm.dll+0x3814b5]
V  [jvm.dll+0x38092a]
V  [jvm.dll+0x246910]
V  [jvm.dll+0x245eef]
V  [jvm.dll+0x1c6d0e]
V  [jvm.dll+0x2554d9]
V  [jvm.dll+0x253a6a]
V  [jvm.dll+0x3ee136]
V  [jvm.dll+0x7fee9b]
V  [jvm.dll+0x6c896d]
C  [ucrtbase.dll+0x21bb2]
C  [KERNEL32.DLL+0x17374]
C  [ntdll.dll+0x4cc91]


---------------  P R O C E S S  ---------------

Threads class SMR info:
_java_thread_list=0x000001906e2e8cb0, length=23, elements={
0x0000019006ad0110, 0x00000190243cd220, 0x00000190243ce8f0, 0x00000190243d4f90,
0x00000190243d59e0, 0x00000190243d6430, 0x00000190243d6e80, 0x00000190243d7c00,
0x00000190243d96a0, 0x00000190245f5480, 0x000001906a0a6b70, 0x000001906a314cc0,
0x000001906a9a2010, 0x000001906a46a510, 0x000001906ad36920, 0x000001906a90fff0,
0x000001906a6a5200, 0x000001906a695ac0, 0x000001906ad37720, 0x000001906ad3a510,
0x000001906c0dbcd0, 0x000001906c0deac0, 0x000001906c0dd710
}

Java Threads: ( => current thread )
  0x0000019006ad0110 JavaThread "main"                              [_thread_blocked, id=21968, stack(0x0000002fbf900000,0x0000002fbfa00000) (1024K)]
  0x00000190243cd220 JavaThread "Reference Handler"          daemon [_thread_blocked, id=8904, stack(0x0000002fc0100000,0x0000002fc0200000) (1024K)]
  0x00000190243ce8f0 JavaThread "Finalizer"                  daemon [_thread_blocked, id=7264, stack(0x0000002fc0200000,0x0000002fc0300000) (1024K)]
  0x00000190243d4f90 JavaThread "Signal Dispatcher"          daemon [_thread_blocked, id=19736, stack(0x0000002fc0300000,0x0000002fc0400000) (1024K)]
  0x00000190243d59e0 JavaThread "Attach Listener"            daemon [_thread_blocked, id=16108, stack(0x0000002fc0400000,0x0000002fc0500000) (1024K)]
  0x00000190243d6430 JavaThread "Service Thread"             daemon [_thread_blocked, id=17244, stack(0x0000002fc0500000,0x0000002fc0600000) (1024K)]
  0x00000190243d6e80 JavaThread "Monitor Deflation Thread"   daemon [_thread_blocked, id=14068, stack(0x0000002fc0600000,0x0000002fc0700000) (1024K)]
=>0x00000190243d7c00 JavaThread "C2 CompilerThread0"         daemon [_thread_in_native, id=20484, stack(0x0000002fc0700000,0x0000002fc0800000) (1024K)]
  0x00000190243d96a0 JavaThread "C1 CompilerThread0"         daemon [_thread_blocked, id=21004, stack(0x0000002fc0800000,0x0000002fc0900000) (1024K)]
  0x00000190245f5480 JavaThread "Common-Cleaner"             daemon [_thread_blocked, id=15792, stack(0x0000002fc0900000,0x0000002fc0a00000) (1024K)]
  0x000001906a0a6b70 JavaThread "Monitor Ctrl-Break"         daemon [_thread_in_native, id=2536, stack(0x0000002fc0b00000,0x0000002fc0c00000) (1024K)]
  0x000001906a314cc0 JavaThread "Notification Thread"        daemon [_thread_blocked, id=18308, stack(0x0000002fc0c00000,0x0000002fc0d00000) (1024K)]
  0x000001906a9a2010 JavaThread "RMI TCP Accept-0"           daemon [_thread_in_native, id=17292, stack(0x0000002fc0f00000,0x0000002fc1000000) (1024K)]
  0x000001906a46a510 JavaThread "RMI TCP Connection(1)-192.168.1.185" daemon [_thread_in_native, id=20196, stack(0x0000002fc1000000,0x0000002fc1100000) (1024K)]
  0x000001906ad36920 JavaThread "RMI Scheduler(0)"           daemon [_thread_blocked, id=13204, stack(0x0000002fc1100000,0x0000002fc1200000) (1024K)]
  0x000001906a90fff0 JavaThread "JMX server connection timeout 28" daemon [_thread_blocked, id=16100, stack(0x0000002fc1200000,0x0000002fc1300000) (1024K)]
  0x000001906a6a5200 JavaThread "Thread-0"                          [_thread_blocked, id=18204, stack(0x0000002fc1300000,0x0000002fc1400000) (1024K)]
  0x000001906a695ac0 JavaThread "restartedMain"                     [_thread_in_Java, id=14692, stack(0x0000002fc1400000,0x0000002fc1500000) (1024K)]
  0x000001906ad37720 JavaThread "PostgreSQL-JDBC-Cleaner"    daemon [_thread_blocked, id=18564, stack(0x0000002fc1900000,0x0000002fc1a00000) (1024K)]
  0x000001906ad3a510 JavaThread "HikariPool-1 housekeeper"   daemon [_thread_blocked, id=8504, stack(0x0000002fc1a00000,0x0000002fc1b00000) (1024K)]
  0x000001906c0dbcd0 JavaThread "Catalina-utility-1"                [_thread_blocked, id=22336, stack(0x0000002fc1b00000,0x0000002fc1c00000) (1024K)]
  0x000001906c0deac0 JavaThread "Catalina-utility-2"                [_thread_blocked, id=20796, stack(0x0000002fc1c00000,0x0000002fc1d00000) (1024K)]
  0x000001906c0dd710 JavaThread "container-0"                       [_thread_blocked, id=20836, stack(0x0000002fc1d00000,0x0000002fc1e00000) (1024K)]
Total: 23

Other Threads:
  0x0000019006aa31e0 VMThread "VM Thread"                           [id=18240, stack(0x0000002fc0000000,0x0000002fc0100000) (1024K)]
  0x0000019008d9e510 WatcherThread "VM Periodic Task Thread"        [id=6812, stack(0x0000002fbff00000,0x0000002fc0000000) (1024K)]
  0x0000019006aa3920 WorkerThread "GC Thread#0"                     [id=4520, stack(0x0000002fbfa00000,0x0000002fbfb00000) (1024K)]
  0x0000019006aa3cc0 WorkerThread "GC Thread#1"                     [id=20792, stack(0x0000002fc0a00000,0x0000002fc0b00000) (1024K)]
  0x0000019006aa2360 WorkerThread "GC Thread#2"                     [id=13156, stack(0x0000002fc0d00000,0x0000002fc0e00000) (1024K)]
  0x0000019006aa2aa0 WorkerThread "GC Thread#3"                     [id=20700, stack(0x0000002fc0e00000,0x0000002fc0f00000) (1024K)]
  0x0000019008d31860 ConcurrentGCThread "G1 Main Marker"            [id=7564, stack(0x0000002fbfb00000,0x0000002fbfc00000) (1024K)]
  0x0000019006aa3580 WorkerThread "G1 Conc#0"                       [id=21596, stack(0x0000002fbfc00000,0x0000002fbfd00000) (1024K)]
  0x0000019024280090 ConcurrentGCThread "G1 Refine#0"               [id=20800, stack(0x0000002fbfd00000,0x0000002fbfe00000) (1024K)]
  0x0000019024280cc0 ConcurrentGCThread "G1 Service"                [id=19836, stack(0x0000002fbfe00000,0x0000002fbff00000) (1024K)]
Total: 10

Threads with active compile tasks:
C2 CompilerThread0    52184 8863   !   4       org.springframework.aop.aspectj.AspectJExpressionPointcut::getShadowMatch (239 bytes)
Total: 1

VM state: not at safepoint (normal execution)

VM Mutex/Monitor currently owned by a thread: None

Heap address: 0x00000000a0e00000, size: 1522 MB, Compressed Oops mode: 32-bit

CDS archive(s) mapped at: [0x0000019025000000-0x0000019025c90000-0x0000019025c90000), size 13172736, SharedBaseAddress: 0x0000019025000000, ArchiveRelocationMode: 1.
Compressed class space mapped at: 0x0000019026000000-0x0000019066000000, reserved size: 1073741824
Narrow klass base: 0x0000019025000000, Narrow klass shift: 0, Narrow klass range: 0x100000000

GC Precious Log:
 CardTable entry size: 512
 Card Set container configuration: InlinePtr #cards 5 size 8 Array Of Cards #cards 12 size 40 Howl #buckets 4 coarsen threshold 1843 Howl Bitmap #cards 512 size 80 coarsen threshold 460 Card regions per heap region 1 cards per card region 2048
 CPUs: 4 total, 4 available
 Memory: 6082M
 Large Page Support: Disabled
 NUMA Support: Disabled
 Compressed Oops: Enabled (32-bit)
 Heap Region Size: 1M
 Heap Min Capacity: 8M
 Heap Initial Capacity: 96M
 Heap Max Capacity: 1522M
 Pre-touch: Disabled
 Parallel Workers: 4
 Concurrent Workers: 1
 Concurrent Refinement Workers: 4
 Periodic GC: Disabled

Heap:
 garbage-first heap   total 76800K, used 46653K [0x00000000a0e00000, 0x0000000100000000)
  region size 1024K, 4 young (4096K), 2 survivors (2048K)
 Metaspace       used 74857K, committed 75584K, reserved 1179648K
  class space    used 9900K, committed 10240K, reserved 1048576K

Heap Regions: E=young(eden), S=young(survivor), O=old, HS=humongous(starts), HC=humongous(continues), CS=collection set, F=free, TAMS=top-at-mark-start, PB=parsable bottom
|   0|0x00000000a0e00000, 0x00000000a0f00000, 0x00000000a0f00000|100%|HS|  |TAMS 0x00000000a0e00000| PB 0x00000000a0e00000| Complete 
|   1|0x00000000a0f00000, 0x00000000a1000000, 0x00000000a1000000|100%|HS|  |TAMS 0x00000000a0f00000| PB 0x00000000a0f00000| Complete 
|   2|0x00000000a1000000, 0x00000000a1100000, 0x00000000a1100000|100%| O|  |TAMS 0x00000000a1000000| PB 0x00000000a1000000| Untracked 
|   3|0x00000000a1100000, 0x00000000a1200000, 0x00000000a1200000|100%|HS|  |TAMS 0x00000000a1100000| PB 0x00000000a1100000| Complete 
|   4|0x00000000a1200000, 0x00000000a1300000, 0x00000000a1300000|100%|HC|  |TAMS 0x00000000a1200000| PB 0x00000000a1200000| Complete 
|   5|0x00000000a1300000, 0x00000000a1400000, 0x00000000a1400000|100%| O|  |TAMS 0x00000000a1300000| PB 0x00000000a1300000| Untracked 
|   6|0x00000000a1400000, 0x00000000a1500000, 0x00000000a1500000|100%| O|  |TAMS 0x00000000a1400000| PB 0x00000000a1400000| Untracked 
|   7|0x00000000a1500000, 0x00000000a1600000, 0x00000000a1600000|100%| O|  |TAMS 0x00000000a1500000| PB 0x00000000a1500000| Untracked 
|   8|0x00000000a1600000, 0x00000000a1700000, 0x00000000a1700000|100%| O|  |TAMS 0x00000000a1600000| PB 0x00000000a1600000| Untracked 
|   9|0x00000000a1700000, 0x00000000a1800000, 0x00000000a1800000|100%| O|  |TAMS 0x00000000a1700000| PB 0x00000000a1700000| Untracked 
|  10|0x00000000a1800000, 0x00000000a1900000, 0x00000000a1900000|100%| O|  |TAMS 0x00000000a1800000| PB 0x00000000a1800000| Untracked 
|  11|0x00000000a1900000, 0x00000000a1a00000, 0x00000000a1a00000|100%| O|  |TAMS 0x00000000a1900000| PB 0x00000000a1900000| Untracked 
|  12|0x00000000a1a00000, 0x00000000a1b00000, 0x00000000a1b00000|100%| O|  |TAMS 0x00000000a1a00000| PB 0x00000000a1a00000| Untracked 
|  13|0x00000000a1b00000, 0x00000000a1c00000, 0x00000000a1c00000|100%| O|  |TAMS 0x00000000a1b00000| PB 0x00000000a1b00000| Untracked 
|  14|0x00000000a1c00000, 0x00000000a1d00000, 0x00000000a1d00000|100%| O|  |TAMS 0x00000000a1c00000| PB 0x00000000a1c00000| Untracked 
|  15|0x00000000a1d00000, 0x00000000a1e00000, 0x00000000a1e00000|100%| O|  |TAMS 0x00000000a1d00000| PB 0x00000000a1d00000| Untracked 
|  16|0x00000000a1e00000, 0x00000000a1f00000, 0x00000000a1f00000|100%| O|  |TAMS 0x00000000a1e00000| PB 0x00000000a1e00000| Untracked 
|  17|0x00000000a1f00000, 0x00000000a2000000, 0x00000000a2000000|100%| O|Cm|TAMS 0x00000000a1f00000| PB 0x00000000a1f00000| Complete 
|  18|0x00000000a2000000, 0x00000000a2100000, 0x00000000a2100000|100%| O|  |TAMS 0x00000000a2000000| PB 0x00000000a2000000| Untracked 
|  19|0x00000000a2100000, 0x00000000a2200000, 0x00000000a2200000|100%| O|  |TAMS 0x00000000a2100000| PB 0x00000000a2100000| Untracked 
|  20|0x00000000a2200000, 0x00000000a2300000, 0x00000000a2300000|100%| O|  |TAMS 0x00000000a2200000| PB 0x00000000a2200000| Untracked 
|  21|0x00000000a2300000, 0x00000000a2400000, 0x00000000a2400000|100%| O|  |TAMS 0x00000000a2300000| PB 0x00000000a2300000| Untracked 
|  22|0x00000000a2400000, 0x00000000a2500000, 0x00000000a2500000|100%| O|  |TAMS 0x00000000a2400000| PB 0x00000000a2400000| Untracked 
|  23|0x00000000a2500000, 0x00000000a2600000, 0x00000000a2600000|100%| O|  |TAMS 0x00000000a2500000| PB 0x00000000a2500000| Untracked 
|  24|0x00000000a2600000, 0x00000000a2700000, 0x00000000a2700000|100%| O|  |TAMS 0x00000000a2600000| PB 0x00000000a2600000| Untracked 
|  25|0x00000000a2700000, 0x00000000a2800000, 0x00000000a2800000|100%| O|  |TAMS 0x00000000a2700000| PB 0x00000000a2700000| Untracked 
|  26|0x00000000a2800000, 0x00000000a2900000, 0x00000000a2900000|100%| O|  |TAMS 0x00000000a2800000| PB 0x00000000a2800000| Untracked 
|  27|0x00000000a2900000, 0x00000000a2a00000, 0x00000000a2a00000|100%| O|  |TAMS 0x00000000a2900000| PB 0x00000000a2900000| Untracked 
|  28|0x00000000a2a00000, 0x00000000a2b00000, 0x00000000a2b00000|100%| O|  |TAMS 0x00000000a2a00000| PB 0x00000000a2a00000| Untracked 
|  29|0x00000000a2b00000, 0x00000000a2c00000, 0x00000000a2c00000|100%| O|  |TAMS 0x00000000a2b00000| PB 0x00000000a2b00000| Untracked 
|  30|0x00000000a2c00000, 0x00000000a2d00000, 0x00000000a2d00000|100%| O|Cm|TAMS 0x00000000a2c00000| PB 0x00000000a2c00000| Complete 
|  31|0x00000000a2d00000, 0x00000000a2e00000, 0x00000000a2e00000|100%| O|  |TAMS 0x00000000a2d00000| PB 0x00000000a2d00000| Untracked 
|  32|0x00000000a2e00000, 0x00000000a2f00000, 0x00000000a2f00000|100%| O|  |TAMS 0x00000000a2e00000| PB 0x00000000a2e00000| Untracked 
|  33|0x00000000a2f00000, 0x00000000a3000000, 0x00000000a3000000|100%| O|  |TAMS 0x00000000a2f00000| PB 0x00000000a2f00000| Untracked 
|  34|0x00000000a3000000, 0x00000000a3100000, 0x00000000a3100000|100%| O|  |TAMS 0x00000000a3000000| PB 0x00000000a3000000| Untracked 
|  35|0x00000000a3100000, 0x00000000a3200000, 0x00000000a3200000|100%| O|  |TAMS 0x00000000a3100000| PB 0x00000000a3100000| Untracked 
|  36|0x00000000a3200000, 0x00000000a3300000, 0x00000000a3300000|100%| O|  |TAMS 0x00000000a3200000| PB 0x00000000a3200000| Untracked 
|  37|0x00000000a3300000, 0x00000000a3400000, 0x00000000a3400000|100%| O|  |TAMS 0x00000000a3300000| PB 0x00000000a3300000| Untracked 
|  38|0x00000000a3400000, 0x00000000a3500000, 0x00000000a3500000|100%| O|  |TAMS 0x00000000a3400000| PB 0x00000000a3400000| Untracked 
|  39|0x00000000a3500000, 0x00000000a3600000, 0x00000000a3600000|100%| O|  |TAMS 0x00000000a3500000| PB 0x00000000a3500000| Untracked 
|  40|0x00000000a3600000, 0x00000000a3700000, 0x00000000a3700000|100%| O|  |TAMS 0x00000000a3600000| PB 0x00000000a3600000| Untracked 
|  41|0x00000000a3700000, 0x00000000a3744e80, 0x00000000a3800000| 26%| O|  |TAMS 0x00000000a3700000| PB 0x00000000a3700000| Untracked 
|  42|0x00000000a3800000, 0x00000000a3900000, 0x00000000a3900000|100%| O|  |TAMS 0x00000000a3800000| PB 0x00000000a3800000| Untracked 
|  43|0x00000000a3900000, 0x00000000a3a00000, 0x00000000a3a00000|100%| O|  |TAMS 0x00000000a3900000| PB 0x00000000a3900000| Untracked 
|  44|0x00000000a3a00000, 0x00000000a3a00000, 0x00000000a3b00000|  0%| F|  |TAMS 0x00000000a3a00000| PB 0x00000000a3a00000| Untracked 
|  45|0x00000000a3b00000, 0x00000000a3b00000, 0x00000000a3c00000|  0%| F|  |TAMS 0x00000000a3b00000| PB 0x00000000a3b00000| Untracked 
|  46|0x00000000a3c00000, 0x00000000a3c00000, 0x00000000a3d00000|  0%| F|  |TAMS 0x00000000a3c00000| PB 0x00000000a3c00000| Untracked 
|  47|0x00000000a3d00000, 0x00000000a3d00000, 0x00000000a3e00000|  0%| F|  |TAMS 0x00000000a3d00000| PB 0x00000000a3d00000| Untracked 
|  48|0x00000000a3e00000, 0x00000000a3e00000, 0x00000000a3f00000|  0%| F|  |TAMS 0x00000000a3e00000| PB 0x00000000a3e00000| Untracked 
|  49|0x00000000a3f00000, 0x00000000a3f00000, 0x00000000a4000000|  0%| F|  |TAMS 0x00000000a3f00000| PB 0x00000000a3f00000| Untracked 
|  50|0x00000000a4000000, 0x00000000a4000000, 0x00000000a4100000|  0%| F|  |TAMS 0x00000000a4000000| PB 0x00000000a4000000| Untracked 
|  51|0x00000000a4100000, 0x00000000a4100000, 0x00000000a4200000|  0%| F|  |TAMS 0x00000000a4100000| PB 0x00000000a4100000| Untracked 
|  52|0x00000000a4200000, 0x00000000a4200000, 0x00000000a4300000|  0%| F|  |TAMS 0x00000000a4200000| PB 0x00000000a4200000| Untracked 
|  53|0x00000000a4300000, 0x00000000a4300000, 0x00000000a4400000|  0%| F|  |TAMS 0x00000000a4300000| PB 0x00000000a4300000| Untracked 
|  54|0x00000000a4400000, 0x00000000a444a7d8, 0x00000000a4500000| 29%| S|CS|TAMS 0x00000000a4400000| PB 0x00000000a4400000| Complete 
|  55|0x00000000a4500000, 0x00000000a4600000, 0x00000000a4600000|100%| S|CS|TAMS 0x00000000a4500000| PB 0x00000000a4500000| Complete 
|  56|0x00000000a4600000, 0x00000000a4600000, 0x00000000a4700000|  0%| F|  |TAMS 0x00000000a4600000| PB 0x00000000a4600000| Untracked 
|  57|0x00000000a4700000, 0x00000000a4700000, 0x00000000a4800000|  0%| F|  |TAMS 0x00000000a4700000| PB 0x00000000a4700000| Untracked 
|  58|0x00000000a4800000, 0x00000000a4800000, 0x00000000a4900000|  0%| F|  |TAMS 0x00000000a4800000| PB 0x00000000a4800000| Untracked 
|  59|0x00000000a4900000, 0x00000000a4900000, 0x00000000a4a00000|  0%| F|  |TAMS 0x00000000a4900000| PB 0x00000000a4900000| Untracked 
|  60|0x00000000a4a00000, 0x00000000a4a00000, 0x00000000a4b00000|  0%| F|  |TAMS 0x00000000a4a00000| PB 0x00000000a4a00000| Untracked 
|  61|0x00000000a4b00000, 0x00000000a4b00000, 0x00000000a4c00000|  0%| F|  |TAMS 0x00000000a4b00000| PB 0x00000000a4b00000| Untracked 
|  62|0x00000000a4c00000, 0x00000000a4c00000, 0x00000000a4d00000|  0%| F|  |TAMS 0x00000000a4c00000| PB 0x00000000a4c00000| Untracked 
|  63|0x00000000a4d00000, 0x00000000a4d00000, 0x00000000a4e00000|  0%| F|  |TAMS 0x00000000a4d00000| PB 0x00000000a4d00000| Untracked 
|  64|0x00000000a4e00000, 0x00000000a4e00000, 0x00000000a4f00000|  0%| F|  |TAMS 0x00000000a4e00000| PB 0x00000000a4e00000| Untracked 
|  65|0x00000000a4f00000, 0x00000000a4f00000, 0x00000000a5000000|  0%| F|  |TAMS 0x00000000a4f00000| PB 0x00000000a4f00000| Untracked 
|  66|0x00000000a5000000, 0x00000000a5000000, 0x00000000a5100000|  0%| F|  |TAMS 0x00000000a5000000| PB 0x00000000a5000000| Untracked 
|  67|0x00000000a5100000, 0x00000000a5100000, 0x00000000a5200000|  0%| F|  |TAMS 0x00000000a5100000| PB 0x00000000a5100000| Untracked 
|  68|0x00000000a5200000, 0x00000000a5200000, 0x00000000a5300000|  0%| F|  |TAMS 0x00000000a5200000| PB 0x00000000a5200000| Untracked 
|  69|0x00000000a5300000, 0x00000000a5300000, 0x00000000a5400000|  0%| F|  |TAMS 0x00000000a5300000| PB 0x00000000a5300000| Untracked 
|  70|0x00000000a5400000, 0x00000000a5400000, 0x00000000a5500000|  0%| F|  |TAMS 0x00000000a5400000| PB 0x00000000a5400000| Untracked 
|  71|0x00000000a5500000, 0x00000000a5500000, 0x00000000a5600000|  0%| F|  |TAMS 0x00000000a5500000| PB 0x00000000a5500000| Untracked 
|  95|0x00000000a6d00000, 0x00000000a6d00000, 0x00000000a6e00000|  0%| F|  |TAMS 0x00000000a6d00000| PB 0x00000000a6d00000| Untracked 
|1520|0x00000000ffe00000, 0x00000000ffec0cb0, 0x00000000fff00000| 75%| E|  |TAMS 0x00000000ffe00000| PB 0x00000000ffe00000| Complete 
|1521|0x00000000fff00000, 0x0000000100000000, 0x0000000100000000|100%| E|CS|TAMS 0x00000000fff00000| PB 0x00000000fff00000| Complete 

Card table byte_map: [0x0000019020460000,0x0000019020760000] _byte_map_base: 0x000001901ff59000

Marking Bits: (CMBitMap*) 0x0000019008d25140
 Bits: [0x0000019020760000, 0x0000019021f28000)

Polling page: 0x0000019006c90000

Metaspace:

Usage:
  Non-class:     63.43 MB used.
      Class:      9.67 MB used.
       Both:     73.10 MB used.

Virtual space:
  Non-class space:      128.00 MB reserved,      63.81 MB ( 50%) committed,  2 nodes.
      Class space:        1.00 GB reserved,      10.00 MB ( <1%) committed,  1 nodes.
             Both:        1.12 GB reserved,      73.81 MB (  6%) committed. 

Chunk freelists:
   Non-Class:  15.62 MB
       Class:  6.03 MB
        Both:  21.66 MB

MaxMetaspaceSize: unlimited
CompressedClassSpaceSize: 1.00 GB
Initial GC threshold: 21.00 MB
Current GC threshold: 121.50 MB
CDS: on
 - commit_granule_bytes: 65536.
 - commit_granule_words: 8192.
 - virtual_space_node_default_size: 8388608.
 - enlarge_chunks_in_place: 1.
 - use_allocation_guard: 0.


Internal statistics:

num_allocs_failed_limit: 6.
num_arena_births: 1110.
num_arena_deaths: 0.
num_vsnodes_births: 3.
num_vsnodes_deaths: 0.
num_space_committed: 1181.
num_space_uncommitted: 0.
num_chunks_returned_to_freelist: 6.
num_chunks_taken_from_freelist: 3854.
num_chunk_merges: 6.
num_chunk_splits: 2692.
num_chunks_enlarged: 2016.
num_inconsistent_stats: 0.

CodeHeap 'non-profiled nmethods': size=120000Kb used=5076Kb max_used=5076Kb free=114923Kb
 bounds [0x0000019018c30000, 0x0000019019130000, 0x0000019020160000]
CodeHeap 'profiled nmethods': size=120000Kb used=14567Kb max_used=14567Kb free=105432Kb
 bounds [0x0000019011160000, 0x0000019011fa0000, 0x0000019018690000]
CodeHeap 'non-nmethods': size=5760Kb used=1713Kb max_used=1773Kb free=4046Kb
 bounds [0x0000019018690000, 0x0000019018900000, 0x0000019018c30000]
 total_blobs=8432 nmethods=7693 adapters=642
 compilation: enabled
              stopped_count=0, restarted_count=0
 full_count=0

Compilation events (20 events):
Event: 51.916 Thread 0x00000190243d96a0 8876       3       org.aspectj.weaver.UnresolvedType::isPrimitiveType (16 bytes)
Event: 51.916 Thread 0x00000190243d96a0 nmethod 8876 0x00000190113ff610 code [0x00000190113ff7a0, 0x00000190113ff910]
Event: 51.918 Thread 0x00000190243d96a0 8877       3       org.aspectj.apache.bcel.classfile.Code::calculateLength (56 bytes)
Event: 51.919 Thread 0x00000190243d96a0 nmethod 8877 0x00000190113ff090 code [0x00000190113ff240, 0x00000190113ff498]
Event: 51.920 Thread 0x00000190243d96a0 8878       3       org.springframework.core.annotation.AnnotationAwareOrderComparator::findOrderFromAnnotation (69 bytes)
Event: 51.920 Thread 0x00000190243d96a0 nmethod 8878 0x0000019011a86d90 code [0x0000019011a86fc0, 0x0000019011a878e8]
Event: 51.920 Thread 0x00000190243d96a0 8879       3       org.springframework.beans.factory.support.ConstructorResolver::setCurrentInjectionPoint (32 bytes)
Event: 51.921 Thread 0x00000190243d96a0 nmethod 8879 0x0000019011a85e90 code [0x0000019011a860c0, 0x0000019011a86ad0]
Event: 51.921 Thread 0x00000190243d96a0 8880       3       org.springframework.beans.factory.annotation.QualifierAnnotationAutowireCandidateResolver::findValue (29 bytes)
Event: 51.922 Thread 0x00000190243d96a0 nmethod 8880 0x0000019011a85090 code [0x0000019011a852c0, 0x0000019011a85ae8]
Event: 51.938 Thread 0x00000190243d96a0 8881       3       org.aspectj.apache.bcel.classfile.LineNumberTable::<init> (25 bytes)
Event: 51.939 Thread 0x00000190243d96a0 nmethod 8881 0x00000190113fea10 code [0x00000190113febc0, 0x00000190113fef38]
Event: 51.942 Thread 0x00000190243d96a0 8882   !   3       jdk.proxy2.$Proxy70::annotationType (29 bytes)
Event: 51.942 Thread 0x00000190243d96a0 nmethod 8882 0x0000019011f98a10 code [0x0000019011f98be0, 0x0000019011f98fe0]
Event: 51.946 Thread 0x00000190243d96a0 8883   !   3       org.springframework.beans.factory.support.FactoryBeanRegistrySupport::getTypeForFactoryBean (22 bytes)
Event: 51.946 Thread 0x00000190243d96a0 nmethod 8883 0x0000019011f99190 code [0x0000019011f99360, 0x0000019011f99678]
Event: 51.963 Thread 0x00000190243d96a0 8884       3       org.springframework.boot.web.servlet.context.WebApplicationContextServletContextAwareProcessor::getServletConfig (23 bytes)
Event: 51.963 Thread 0x00000190243d96a0 nmethod 8884 0x0000019011f99790 code [0x0000019011f99940, 0x0000019011f99ba8]
Event: 51.963 Thread 0x00000190243d96a0 8885       3       org.springframework.boot.context.properties.ConfigurationPropertiesBean::findMergedAnnotation (24 bytes)
Event: 51.964 Thread 0x00000190243d96a0 nmethod 8885 0x0000019011f99c90 code [0x0000019011f99e80, 0x0000019011f9a2d0]

GC Heap History (20 events):
Event: 26.211 GC heap before
{Heap before GC invocations=11 (full 0):
 garbage-first heap   total 68608K, used 61983K [0x00000000a0e00000, 0x0000000100000000)
  region size 1024K, 30 young (30720K), 4 survivors (4096K)
 Metaspace       used 41179K, committed 41856K, reserved 1114112K
  class space    used 5121K, committed 5440K, reserved 1048576K
}
Event: 26.221 GC heap after
{Heap after GC invocations=12 (full 0):
 garbage-first heap   total 71680K, used 32768K [0x00000000a0e00000, 0x0000000100000000)
  region size 1024K, 4 young (4096K), 4 survivors (4096K)
 Metaspace       used 41179K, committed 41856K, reserved 1114112K
  class space    used 5121K, committed 5440K, reserved 1048576K
}
Event: 28.464 GC heap before
{Heap before GC invocations=12 (full 0):
 garbage-first heap   total 71680K, used 60416K [0x00000000a0e00000, 0x0000000100000000)
  region size 1024K, 30 young (30720K), 4 survivors (4096K)
 Metaspace       used 42806K, committed 43392K, reserved 1114112K
  class space    used 5343K, committed 5632K, reserved 1048576K
}
Event: 28.472 GC heap after
{Heap after GC invocations=13 (full 0):
 garbage-first heap   total 71680K, used 34876K [0x00000000a0e00000, 0x0000000100000000)
  region size 1024K, 2 young (2048K), 2 survivors (2048K)
 Metaspace       used 42806K, committed 43392K, reserved 1114112K
  class space    used 5343K, committed 5632K, reserved 1048576K
}
Event: 32.264 GC heap before
{Heap before GC invocations=13 (full 0):
 garbage-first heap   total 71680K, used 60476K [0x00000000a0e00000, 0x0000000100000000)
  region size 1024K, 27 young (27648K), 2 survivors (2048K)
 Metaspace       used 47806K, committed 48448K, reserved 1114112K
  class space    used 6067K, committed 6336K, reserved 1048576K
}
Event: 32.272 GC heap after
{Heap after GC invocations=14 (full 0):
 garbage-first heap   total 71680K, used 35937K [0x00000000a0e00000, 0x0000000100000000)
  region size 1024K, 3 young (3072K), 3 survivors (3072K)
 Metaspace       used 47806K, committed 48448K, reserved 1114112K
  class space    used 6067K, committed 6336K, reserved 1048576K
}
Event: 35.395 GC heap before
{Heap before GC invocations=15 (full 0):
 garbage-first heap   total 71680K, used 61537K [0x00000000a0e00000, 0x0000000100000000)
  region size 1024K, 28 young (28672K), 3 survivors (3072K)
 Metaspace       used 54719K, committed 55360K, reserved 1114112K
  class space    used 7053K, committed 7360K, reserved 1048576K
}
Event: 35.402 GC heap after
{Heap after GC invocations=16 (full 0):
 garbage-first heap   total 71680K, used 37671K [0x00000000a0e00000, 0x0000000100000000)
  region size 1024K, 4 young (4096K), 4 survivors (4096K)
 Metaspace       used 54719K, committed 55360K, reserved 1114112K
  class space    used 7053K, committed 7360K, reserved 1048576K
}
Event: 37.390 GC heap before
{Heap before GC invocations=16 (full 0):
 garbage-first heap   total 71680K, used 62247K [0x00000000a0e00000, 0x0000000100000000)
  region size 1024K, 28 young (28672K), 4 survivors (4096K)
 Metaspace       used 59274K, committed 59968K, reserved 1114112K
  class space    used 7567K, committed 7872K, reserved 1048576K
}
Event: 37.397 GC heap after
{Heap after GC invocations=17 (full 0):
 garbage-first heap   total 71680K, used 38917K [0x00000000a0e00000, 0x0000000100000000)
  region size 1024K, 4 young (4096K), 4 survivors (4096K)
 Metaspace       used 59274K, committed 59968K, reserved 1114112K
  class space    used 7567K, committed 7872K, reserved 1048576K
}
Event: 39.533 GC heap before
{Heap before GC invocations=17 (full 0):
 garbage-first heap   total 71680K, used 61445K [0x00000000a0e00000, 0x0000000100000000)
  region size 1024K, 27 young (27648K), 4 survivors (4096K)
 Metaspace       used 65618K, committed 66368K, reserved 1114112K
  class space    used 8630K, committed 8960K, reserved 1048576K
}
Event: 39.541 GC heap after
{Heap after GC invocations=18 (full 0):
 garbage-first heap   total 71680K, used 40159K [0x00000000a0e00000, 0x0000000100000000)
  region size 1024K, 3 young (3072K), 3 survivors (3072K)
 Metaspace       used 65618K, committed 66368K, reserved 1114112K
  class space    used 8630K, committed 8960K, reserved 1048576K
}
Event: 40.656 GC heap before
{Heap before GC invocations=19 (full 0):
 garbage-first heap   total 71680K, used 62687K [0x00000000a0e00000, 0x0000000100000000)
  region size 1024K, 26 young (26624K), 3 survivors (3072K)
 Metaspace       used 68189K, committed 68864K, reserved 1114112K
  class space    used 9028K, committed 9344K, reserved 1048576K
}
Event: 40.663 GC heap after
{Heap after GC invocations=20 (full 0):
 garbage-first heap   total 71680K, used 40830K [0x00000000a0e00000, 0x0000000100000000)
  region size 1024K, 2 young (2048K), 2 survivors (2048K)
 Metaspace       used 68189K, committed 68864K, reserved 1114112K
  class space    used 9028K, committed 9344K, reserved 1048576K
}
Event: 44.822 GC heap before
{Heap before GC invocations=20 (full 0):
 garbage-first heap   total 71680K, used 63358K [0x00000000a0e00000, 0x0000000100000000)
  region size 1024K, 25 young (25600K), 2 survivors (2048K)
 Metaspace       used 71499K, committed 72256K, reserved 1114112K
  class space    used 9388K, committed 9728K, reserved 1048576K
}
Event: 44.830 GC heap after
{Heap after GC invocations=21 (full 0):
 garbage-first heap   total 71680K, used 42542K [0x00000000a0e00000, 0x0000000100000000)
  region size 1024K, 4 young (4096K), 4 survivors (4096K)
 Metaspace       used 71499K, committed 72256K, reserved 1114112K
  class space    used 9388K, committed 9728K, reserved 1048576K
}
Event: 48.596 GC heap before
{Heap before GC invocations=21 (full 0):
 garbage-first heap   total 71680K, used 63022K [0x00000000a0e00000, 0x0000000100000000)
  region size 1024K, 24 young (24576K), 4 survivors (4096K)
 Metaspace       used 73820K, committed 74496K, reserved 1114112K
  class space    used 9743K, committed 10048K, reserved 1048576K
}
Event: 48.605 GC heap after
{Heap after GC invocations=22 (full 0):
 garbage-first heap   total 71680K, used 44283K [0x00000000a0e00000, 0x0000000100000000)
  region size 1024K, 2 young (2048K), 2 survivors (2048K)
 Metaspace       used 73820K, committed 74496K, reserved 1114112K
  class space    used 9743K, committed 10048K, reserved 1048576K
}
Event: 51.904 GC heap before
{Heap before GC invocations=23 (full 0):
 garbage-first heap   total 76800K, used 63739K [0x00000000a0e00000, 0x0000000100000000)
  region size 1024K, 21 young (21504K), 2 survivors (2048K)
 Metaspace       used 74783K, committed 75584K, reserved 1179648K
  class space    used 9882K, committed 10240K, reserved 1048576K
}
Event: 51.910 GC heap after
{Heap after GC invocations=24 (full 0):
 garbage-first heap   total 76800K, used 45629K [0x00000000a0e00000, 0x0000000100000000)
  region size 1024K, 2 young (2048K), 2 survivors (2048K)
 Metaspace       used 74783K, committed 75584K, reserved 1179648K
  class space    used 9882K, committed 10240K, reserved 1048576K
}

Dll operation events (14 events):
Event: 0.036 Loaded shared library C:\Program Files\Java\jdk-21\bin\java.dll
Event: 0.259 Loaded shared library C:\Program Files\Java\jdk-21\bin\jsvml.dll
Event: 1.787 Loaded shared library C:\Program Files\Java\jdk-21\bin\zip.dll
Event: 1.801 Loaded shared library C:\Program Files\Java\jdk-21\bin\instrument.dll
Event: 1.819 Loaded shared library C:\Program Files\Java\jdk-21\bin\net.dll
Event: 1.984 Loaded shared library C:\Program Files\Java\jdk-21\bin\nio.dll
Event: 2.056 Loaded shared library C:\Program Files\Java\jdk-21\bin\zip.dll
Event: 2.915 Loaded shared library C:\Program Files\Java\jdk-21\bin\jimage.dll
Event: 3.360 Loaded shared library C:\Program Files\JetBrains\IntelliJ IDEA 2024.3\bin\breakgen64.dll
Event: 3.621 Loaded shared library C:\Program Files\Java\jdk-21\bin\management.dll
Event: 3.626 Loaded shared library C:\Program Files\Java\jdk-21\bin\extnet.dll
Event: 3.670 Loaded shared library C:\Program Files\Java\jdk-21\bin\management_ext.dll
Event: 9.908 Loaded shared library C:\Program Files\Java\jdk-21\bin\sunmscapi.dll
Event: 32.166 Loaded shared library C:\Program Files\Java\jdk-21\bin\verify.dll

Deoptimization events (20 events):
Event: 51.505 Thread 0x000001906a695ac0 DEOPT PACKING pc=0x00000190190c4810 sp=0x0000002fc14fc320
Event: 51.505 Thread 0x000001906a695ac0 DEOPT UNPACKING pc=0x00000190186e46a2 sp=0x0000002fc14fc2c0 mode 2
Event: 51.508 Thread 0x000001906a695ac0 Uncommon trap: trap_request=0xffffffde fr.pc=0x00000190190f1ea0 relative=0x0000000000002f20
Event: 51.508 Thread 0x000001906a695ac0 Uncommon trap: reason=class_check action=maybe_recompile pc=0x00000190190f1ea0 method=org.springframework.aop.support.MethodMatchers$UnionMethodMatcher.matches(Ljava/lang/reflect/Method;Ljava/lang/Class;)Z @ 14 c2
Event: 51.508 Thread 0x000001906a695ac0 DEOPT PACKING pc=0x00000190190f1ea0 sp=0x0000002fc14fca20
Event: 51.508 Thread 0x000001906a695ac0 DEOPT UNPACKING pc=0x00000190186e46a2 sp=0x0000002fc14fca58 mode 2
Event: 51.525 Thread 0x000001906a695ac0 Uncommon trap: trap_request=0xffffffde fr.pc=0x00000190190f1ea0 relative=0x0000000000002f20
Event: 51.525 Thread 0x000001906a695ac0 Uncommon trap: reason=class_check action=maybe_recompile pc=0x00000190190f1ea0 method=org.springframework.aop.support.MethodMatchers$UnionMethodMatcher.matches(Ljava/lang/reflect/Method;Ljava/lang/Class;)Z @ 14 c2
Event: 51.525 Thread 0x000001906a695ac0 DEOPT PACKING pc=0x00000190190f1ea0 sp=0x0000002fc14fc1c0
Event: 51.525 Thread 0x000001906a695ac0 DEOPT UNPACKING pc=0x00000190186e46a2 sp=0x0000002fc14fc210 mode 2
Event: 51.525 Thread 0x000001906a695ac0 Uncommon trap: trap_request=0xffffffde fr.pc=0x00000190190f1ea0 relative=0x0000000000002f20
Event: 51.525 Thread 0x000001906a695ac0 Uncommon trap: reason=class_check action=maybe_recompile pc=0x00000190190f1ea0 method=org.springframework.aop.support.MethodMatchers$UnionMethodMatcher.matches(Ljava/lang/reflect/Method;Ljava/lang/Class;)Z @ 14 c2
Event: 51.525 Thread 0x000001906a695ac0 DEOPT PACKING pc=0x00000190190f1ea0 sp=0x0000002fc14fc1c0
Event: 51.525 Thread 0x000001906a695ac0 DEOPT UNPACKING pc=0x00000190186e46a2 sp=0x0000002fc14fc210 mode 2
Event: 51.525 Thread 0x000001906a695ac0 Uncommon trap: trap_request=0xffffffde fr.pc=0x00000190190f1ea0 relative=0x0000000000002f20
Event: 51.525 Thread 0x000001906a695ac0 Uncommon trap: reason=class_check action=maybe_recompile pc=0x00000190190f1ea0 method=org.springframework.aop.support.MethodMatchers$UnionMethodMatcher.matches(Ljava/lang/reflect/Method;Ljava/lang/Class;)Z @ 14 c2
Event: 51.525 Thread 0x000001906a695ac0 DEOPT PACKING pc=0x00000190190f1ea0 sp=0x0000002fc14fc1c0
Event: 51.525 Thread 0x000001906a695ac0 DEOPT UNPACKING pc=0x00000190186e46a2 sp=0x0000002fc14fc210 mode 2
Event: 51.966 Thread 0x000001906a695ac0 DEOPT PACKING pc=0x00000190119f4db1 sp=0x0000002fc14f9ec0
Event: 51.966 Thread 0x000001906a695ac0 DEOPT UNPACKING pc=0x00000190186e4e42 sp=0x0000002fc14f9460 mode 0

Classes loaded (20 events):
Event: 46.227 Loading class java/lang/Character$UnicodeBlock
Event: 46.229 Loading class java/lang/Character$Subset
Event: 46.229 Loading class java/lang/Character$Subset done
Event: 46.231 Loading class java/lang/Character$UnicodeBlock done
Event: 46.393 Loading class java/util/regex/Pattern$Bound
Event: 46.394 Loading class java/util/regex/Pattern$Bound done
Event: 46.396 Loading class java/util/regex/Pattern$Behind
Event: 46.396 Loading class java/util/regex/Pattern$Behind done
Event: 48.408 Loading class java/util/stream/SortedOps$SizedRefSortingSink
Event: 48.409 Loading class java/util/stream/SortedOps$SizedRefSortingSink done
Event: 48.820 Loading class java/nio/channels/CompletionHandler
Event: 48.820 Loading class java/nio/channels/CompletionHandler done
Event: 49.452 Loading class sun/reflect/ReflectionFactory
Event: 49.462 Loading class sun/reflect/ReflectionFactory done
Event: 49.462 Loading class sun/reflect/ReflectionFactory$1
Event: 49.462 Loading class sun/reflect/ReflectionFactory$1 done
Event: 49.463 Loading class java/io/OptionalDataException
Event: 49.463 Loading class java/io/OptionalDataException done
Event: 49.922 Loading class java/nio/charset/UnsupportedCharsetException
Event: 49.923 Loading class java/nio/charset/UnsupportedCharsetException done

Classes unloaded (0 events):
No events

Classes redefined (0 events):
No events

Internal exceptions (20 events):
Event: 40.520 Thread 0x000001906a695ac0 Exception <a 'java/lang/IncompatibleClassChangeError'{0x00000000a3ec75a8}: Found class java.lang.Object, but interface was expected> (0x00000000a3ec75a8) 
thrown [s\open\src\hotspot\share\interpreter\linkResolver.cpp, line 840]
Event: 40.599 Thread 0x000001906a695ac0 Exception <a 'java/lang/IncompatibleClassChangeError'{0x00000000a3dfdec8}: Found class java.lang.Object, but interface was expected> (0x00000000a3dfdec8) 
thrown [s\open\src\hotspot\share\interpreter\linkResolver.cpp, line 840]
Event: 40.635 Thread 0x000001906a695ac0 Exception <a 'java/lang/NoSuchMethodError'{0x00000000a3c98020}: 'java.lang.Object java.lang.invoke.DirectMethodHandle$Holder.newInvokeSpecial(java.lang.Object, java.lang.Object, int, java.lang.Object, int, java.lang.Object, java.lang.Object)'> (0x00000000a3c98020) 
thrown [s\open\src\hotspot\share\interpreter\linkResolver.cpp, line 773]
Event: 40.718 Thread 0x000001906a695ac0 Exception <a 'java/lang/NoSuchMethodError'{0x00000000ffe79b98}: 'java.lang.Object java.lang.invoke.DirectMethodHandle$Holder.newInvokeSpecial(java.lang.Object, java.lang.Object, java.lang.Object, java.lang.Object, java.lang.Object, java.lang.Object, java.lang.Object, int)'> (0x00000000ffe79b98) 
thrown [s\open\src\hotspot\share\interpreter\linkResolver.cpp, line 773]
Event: 40.719 Thread 0x000001906a695ac0 Exception <a 'java/lang/NoSuchMethodError'{0x00000000ffe7e8d0}: 'java.lang.Object java.lang.invoke.DirectMethodHandle$Holder.invokeSpecial(java.lang.Object, java.lang.Object, java.lang.Object, java.lang.Object, java.lang.Object, java.lang.Object, java.lang.Object, java.lang.Object, int)'> (0x00000000ffe7e8d0) 
thrown [s\open\src\hotspot\share\interpreter\linkResolver.cpp, line 773]
Event: 40.720 Thread 0x000001906a695ac0 Exception <a 'java/lang/NoSuchMethodError'{0x00000000ffe84130}: 'java.lang.Object java.lang.invoke.Invokers$Holder.linkToTargetMethod(java.lang.Object, java.lang.Object, java.lang.Object, java.lang.Object, java.lang.Object, java.lang.Object, int, java.lang.Object)'> (0x00000000ffe84130) 
thrown [s\open\src\hotspot\share\interpreter\linkResolver.cpp, line 773]
Event: 40.998 Thread 0x000001906a695ac0 Exception <a 'java/lang/NoSuchMethodError'{0x00000000a6df3eb8}: 'void java.lang.invoke.DirectMethodHandle$Holder.invokeInterface(java.lang.Object, java.lang.Object)'> (0x00000000a6df3eb8) 
thrown [s\open\src\hotspot\share\interpreter\linkResolver.cpp, line 773]
Event: 41.693 Thread 0x000001906a695ac0 Exception <a 'java/lang/NoSuchMethodError'{0x00000000a4b2ed58}: 'java.lang.Object java.lang.invoke.DirectMethodHandle$Holder.invokeSpecial(java.lang.Object, java.lang.Object, int, java.lang.Object, int)'> (0x00000000a4b2ed58) 
thrown [s\open\src\hotspot\share\interpreter\linkResolver.cpp, line 773]
Event: 44.369 Thread 0x000001906a695ac0 Implicit null exception at 0x0000019018f4b3d8 to 0x0000019018f4debc
Event: 44.389 Thread 0x000001906a695ac0 Exception <a 'java/lang/IncompatibleClassChangeError'{0x00000000a41ba910}: Found class java.lang.Object, but interface was expected> (0x00000000a41ba910) 
thrown [s\open\src\hotspot\share\interpreter\linkResolver.cpp, line 840]
Event: 44.544 Thread 0x000001906a695ac0 Implicit null exception at 0x0000019018da1277 to 0x0000019018da14e0
Event: 44.619 Thread 0x000001906a695ac0 Exception <a 'java/lang/IncompatibleClassChangeError'{0x00000000a3ea9650}: Found class java.lang.Object, but interface was expected> (0x00000000a3ea9650) 
thrown [s\open\src\hotspot\share\interpreter\linkResolver.cpp, line 840]
Event: 45.922 Thread 0x000001906a695ac0 Exception <a 'java/lang/IncompatibleClassChangeError'{0x00000000a4b04b20}: Found class java.lang.Object, but interface was expected> (0x00000000a4b04b20) 
thrown [s\open\src\hotspot\share\interpreter\linkResolver.cpp, line 840]
Event: 46.312 Thread 0x000001906a695ac0 Exception <a 'java/lang/IncompatibleClassChangeError'{0x00000000a49ca528}: Found class java.lang.Object, but interface was expected> (0x00000000a49ca528) 
thrown [s\open\src\hotspot\share\interpreter\linkResolver.cpp, line 840]
Event: 46.313 Thread 0x000001906a695ac0 Exception <a 'java/lang/IncompatibleClassChangeError'{0x00000000a49cfd58}: Found class java.lang.Object, but interface was expected> (0x00000000a49cfd58) 
thrown [s\open\src\hotspot\share\interpreter\linkResolver.cpp, line 840]
Event: 46.453 Thread 0x000001906a695ac0 Exception <a 'java/lang/NoSuchMethodError'{0x00000000a4770988}: 'java.lang.Object java.lang.invoke.DirectMethodHandle$Holder.invokeStatic(java.lang.Object, int, java.lang.Object)'> (0x00000000a4770988) 
thrown [s\open\src\hotspot\share\interpreter\linkResolver.cpp, line 773]
Event: 48.942 Thread 0x000001906a695ac0 Exception <a 'java/io/FileNotFoundException'{0x00000000fffd5060}> (0x00000000fffd5060) 
thrown [s\open\src\hotspot\share\prims\jni.cpp, line 520]
Event: 49.366 Thread 0x000001906a695ac0 Exception <a 'java/lang/NoSuchMethodError'{0x00000000a5153018}: 'int java.lang.invoke.DirectMethodHandle$Holder.invokeStaticInit(java.lang.Object, int, java.lang.Object, java.lang.Object, java.lang.Object, java.lang.Object)'> (0x00000000a5153018) 
thrown [s\open\src\hotspot\share\interpreter\linkResolver.cpp, line 773]
Event: 49.870 Thread 0x000001906a695ac0 Exception <a 'java/io/FileNotFoundException'{0x00000000a4fb1dd8}> (0x00000000a4fb1dd8) 
thrown [s\open\src\hotspot\share\prims\jni.cpp, line 520]
Event: 49.872 Thread 0x000001906a695ac0 Exception <a 'java/io/FileNotFoundException'{0x00000000a4fbbec8}> (0x00000000a4fbbec8) 
thrown [s\open\src\hotspot\share\prims\jni.cpp, line 520]

ZGC Phase Switch (0 events):
No events

VM Operations (20 events):
Event: 48.034 Executing VM operation: Cleanup
Event: 48.035 Executing VM operation: Cleanup done
Event: 48.337 Executing VM operation: HandshakeAllThreads (Deoptimize)
Event: 48.337 Executing VM operation: HandshakeAllThreads (Deoptimize) done
Event: 48.351 Executing VM operation: HandshakeAllThreads (Deoptimize)
Event: 48.351 Executing VM operation: HandshakeAllThreads (Deoptimize) done
Event: 48.596 Executing VM operation: G1CollectForAllocation (G1 Evacuation Pause)
Event: 48.605 Executing VM operation: G1CollectForAllocation (G1 Evacuation Pause) done
Event: 48.712 Executing VM operation: G1PauseRemark
Event: 48.756 Executing VM operation: G1PauseRemark done
Event: 48.804 Executing VM operation: G1PauseCleanup
Event: 48.818 Executing VM operation: G1PauseCleanup done
Event: 48.961 Executing VM operation: HandshakeAllThreads (Deoptimize)
Event: 48.961 Executing VM operation: HandshakeAllThreads (Deoptimize) done
Event: 49.962 Executing VM operation: Cleanup
Event: 49.962 Executing VM operation: Cleanup done
Event: 50.978 Executing VM operation: Cleanup
Event: 51.122 Executing VM operation: Cleanup done
Event: 51.904 Executing VM operation: G1CollectForAllocation (G1 Evacuation Pause)
Event: 51.913 Executing VM operation: G1CollectForAllocation (G1 Evacuation Pause) done

Events (20 events):
Event: 48.754 Thread 0x0000019006aa31e0 flushing nmethod 0x00000190115f1b90
Event: 48.754 Thread 0x0000019006aa31e0 flushing nmethod 0x0000019011620810
Event: 48.754 Thread 0x0000019006aa31e0 flushing nmethod 0x0000019011686690
Event: 48.754 Thread 0x0000019006aa31e0 flushing nmethod 0x0000019011687790
Event: 48.754 Thread 0x0000019006aa31e0 flushing nmethod 0x000001901168e190
Event: 48.754 Thread 0x0000019006aa31e0 flushing nmethod 0x0000019011778f90
Event: 48.754 Thread 0x0000019006aa31e0 flushing nmethod 0x0000019011790990
Event: 48.754 Thread 0x0000019006aa31e0 flushing nmethod 0x0000019011967690
Event: 48.754 Thread 0x0000019006aa31e0 flushing nmethod 0x0000019011967a90
Event: 48.754 Thread 0x0000019006aa31e0 flushing nmethod 0x0000019011969b90
Event: 48.754 Thread 0x0000019006aa31e0 flushing nmethod 0x0000019011969f10
Event: 48.754 Thread 0x0000019006aa31e0 flushing nmethod 0x000001901196a290
Event: 48.754 Thread 0x0000019006aa31e0 flushing nmethod 0x000001901196a610
Event: 48.754 Thread 0x0000019006aa31e0 flushing nmethod 0x000001901196af90
Event: 48.754 Thread 0x0000019006aa31e0 flushing nmethod 0x000001901198a210
Event: 48.754 Thread 0x0000019006aa31e0 flushing nmethod 0x0000019011a1e990
Event: 48.754 Thread 0x0000019006aa31e0 flushing nmethod 0x0000019011c8a090
Event: 48.979 Thread 0x000001906c0dbcd0 Thread added: 0x000001906c0dbcd0
Event: 48.991 Thread 0x000001906c0deac0 Thread added: 0x000001906c0deac0
Event: 49.006 Thread 0x000001906c0dd710 Thread added: 0x000001906c0dd710


Dynamic libraries:
0x00007ff6e47a0000 - 0x00007ff6e47b0000 	C:\Program Files\Java\jdk-21\bin\java.exe
0x00007ffd1f790000 - 0x00007ffd1f988000 	C:\Windows\SYSTEM32\ntdll.dll
0x00007ffd1f130000 - 0x00007ffd1f1f2000 	C:\Windows\System32\KERNEL32.DLL
0x00007ffd1d1a0000 - 0x00007ffd1d496000 	C:\Windows\System32\KERNELBASE.dll
0x00007ffd1d550000 - 0x00007ffd1d650000 	C:\Windows\System32\ucrtbase.dll
0x00007ffcfeb30000 - 0x00007ffcfeb4b000 	C:\Program Files\Java\jdk-21\bin\VCRUNTIME140.dll
0x00007ffcfe8c0000 - 0x00007ffcfe8d9000 	C:\Program Files\Java\jdk-21\bin\jli.dll
0x00007ffd1e500000 - 0x00007ffd1e5b1000 	C:\Windows\System32\ADVAPI32.dll
0x00007ffd1f090000 - 0x00007ffd1f12e000 	C:\Windows\System32\msvcrt.dll
0x00007ffd1d7b0000 - 0x00007ffd1d84f000 	C:\Windows\System32\sechost.dll
0x00007ffd1eeb0000 - 0x00007ffd1efd3000 	C:\Windows\System32\RPCRT4.dll
0x00007ffd1d170000 - 0x00007ffd1d197000 	C:\Windows\System32\bcrypt.dll
0x00007ffd1da50000 - 0x00007ffd1dbed000 	C:\Windows\System32\USER32.dll
0x00007ffd1d650000 - 0x00007ffd1d672000 	C:\Windows\System32\win32u.dll
0x00007ffd0cdf0000 - 0x00007ffd0d08a000 	C:\Windows\WinSxS\amd64_microsoft.windows.common-controls_6595b64144ccf1df_6.0.19041.5915_none_60b4b9d171f9c7c7\COMCTL32.dll
0x00007ffd1e4d0000 - 0x00007ffd1e4fb000 	C:\Windows\System32\GDI32.dll
0x00007ffd1cef0000 - 0x00007ffd1d009000 	C:\Windows\System32\gdi32full.dll
0x00007ffd1d680000 - 0x00007ffd1d71d000 	C:\Windows\System32\msvcp_win.dll
0x00007ffd15c20000 - 0x00007ffd15c2a000 	C:\Windows\SYSTEM32\VERSION.dll
0x00007ffd1dbf0000 - 0x00007ffd1dc1f000 	C:\Windows\System32\IMM32.DLL
0x00007ffd162a0000 - 0x00007ffd162ac000 	C:\Program Files\Java\jdk-21\bin\vcruntime140_1.dll
0x00007ffcd5b00000 - 0x00007ffcd5b8e000 	C:\Program Files\Java\jdk-21\bin\msvcp140.dll
0x00007ffc8f140000 - 0x00007ffc8fe58000 	C:\Program Files\Java\jdk-21\bin\server\jvm.dll
0x00007ffd1f200000 - 0x00007ffd1f26b000 	C:\Windows\System32\WS2_32.dll
0x00007ffd1cc80000 - 0x00007ffd1cccb000 	C:\Windows\SYSTEM32\POWRPROF.dll
0x00007ffd12c40000 - 0x00007ffd12c67000 	C:\Windows\SYSTEM32\WINMM.dll
0x00007ffd1cc60000 - 0x00007ffd1cc72000 	C:\Windows\SYSTEM32\UMPDC.dll
0x00007ffd1ac60000 - 0x00007ffd1ac72000 	C:\Windows\SYSTEM32\kernel.appcore.dll
0x00007ffd000f0000 - 0x00007ffd000fa000 	C:\Program Files\Java\jdk-21\bin\jimage.dll
0x00007ffd14d90000 - 0x00007ffd14f91000 	C:\Windows\SYSTEM32\DBGHELP.DLL
0x00007ffd0a4a0000 - 0x00007ffd0a4d4000 	C:\Windows\SYSTEM32\dbgcore.DLL
0x00007ffd1d720000 - 0x00007ffd1d7a2000 	C:\Windows\System32\bcryptPrimitives.dll
0x00007ffcfe8b0000 - 0x00007ffcfe8bf000 	C:\Program Files\Java\jdk-21\bin\instrument.dll
0x00007ffcf3220000 - 0x00007ffcf323f000 	C:\Program Files\Java\jdk-21\bin\java.dll
0x00007ffd1e740000 - 0x00007ffd1eeae000 	C:\Windows\System32\SHELL32.dll
0x00007ffd1ae60000 - 0x00007ffd1b604000 	C:\Windows\SYSTEM32\windows.storage.dll
0x00007ffd1dd90000 - 0x00007ffd1e0e3000 	C:\Windows\System32\combase.dll
0x00007ffd1c770000 - 0x00007ffd1c79b000 	C:\Windows\SYSTEM32\Wldp.dll
0x00007ffd1e5c0000 - 0x00007ffd1e68d000 	C:\Windows\System32\OLEAUT32.dll
0x00007ffd1efe0000 - 0x00007ffd1f08d000 	C:\Windows\System32\SHCORE.dll
0x00007ffd1d8b0000 - 0x00007ffd1d90b000 	C:\Windows\System32\shlwapi.dll
0x00007ffd1cd50000 - 0x00007ffd1cd75000 	C:\Windows\SYSTEM32\profapi.dll
0x00007ffcd4f60000 - 0x00007ffcd5037000 	C:\Program Files\Java\jdk-21\bin\jsvml.dll
0x00007ffcf29d0000 - 0x00007ffcf29e8000 	C:\Program Files\Java\jdk-21\bin\zip.dll
0x00007ffcfe8a0000 - 0x00007ffcfe8b0000 	C:\Program Files\Java\jdk-21\bin\net.dll
0x00007ffd13e20000 - 0x00007ffd13f2a000 	C:\Windows\SYSTEM32\WINHTTP.dll
0x00007ffd1c4e0000 - 0x00007ffd1c54a000 	C:\Windows\system32\mswsock.dll
0x00007ffceedf0000 - 0x00007ffceee06000 	C:\Program Files\Java\jdk-21\bin\nio.dll
0x00007ffcee070000 - 0x00007ffcee08a000 	C:\Program Files\JetBrains\IntelliJ IDEA 2024.3\bin\breakgen64.dll
0x00007ffd1c1e0000 - 0x00007ffd1c2aa000 	C:\Windows\SYSTEM32\DNSAPI.dll
0x00007ffd1c1a0000 - 0x00007ffd1c1db000 	C:\Windows\SYSTEM32\IPHLPAPI.DLL
0x00007ffd1da40000 - 0x00007ffd1da48000 	C:\Windows\System32\NSI.dll
0x00007ffd0f870000 - 0x00007ffd0f87a000 	C:\Windows\System32\rasadhlp.dll
0x00007ffd10670000 - 0x00007ffd106f0000 	C:\Windows\System32\fwpuclnt.dll
0x00007ffcf4350000 - 0x00007ffcf435a000 	C:\Program Files\Java\jdk-21\bin\management.dll
0x00007ffcf3210000 - 0x00007ffcf3219000 	C:\Program Files\Java\jdk-21\bin\extnet.dll
0x00007ffcf2ee0000 - 0x00007ffcf2eeb000 	C:\Program Files\Java\jdk-21\bin\management_ext.dll
0x00007ffd1f740000 - 0x00007ffd1f748000 	C:\Windows\System32\PSAPI.DLL
0x00007ffd1c6d0000 - 0x00007ffd1c6e8000 	C:\Windows\SYSTEM32\CRYPTSP.dll
0x00007ffd1bdd0000 - 0x00007ffd1be08000 	C:\Windows\system32\rsaenh.dll
0x00007ffd1cd10000 - 0x00007ffd1cd3e000 	C:\Windows\SYSTEM32\USERENV.dll
0x00007ffd1cb70000 - 0x00007ffd1cb7c000 	C:\Windows\SYSTEM32\CRYPTBASE.dll
0x00007ffd05710000 - 0x00007ffd05727000 	C:\Windows\system32\napinsp.dll
0x00007ffd056f0000 - 0x00007ffd0570b000 	C:\Windows\system32\pnrpnsp.dll
0x00007ffd04c40000 - 0x00007ffd04c5d000 	C:\Windows\system32\wshbth.dll
0x00007ffd19b60000 - 0x00007ffd19b7d000 	C:\Windows\system32\NLAapi.dll
0x00007ffd04c20000 - 0x00007ffd04c32000 	C:\Windows\System32\winrnr.dll
0x00007ffd0d260000 - 0x00007ffd0d2b1000 	C:\Windows\SYSTEM32\pdh.dll
0x00007ffcecf60000 - 0x00007ffcecf75000 	C:\Windows\system32\msscntrs.dll
0x00007ffcbb900000 - 0x00007ffcbbf61000 	C:\PROGRA~1\MICROS~1\Office16\OLMAPI32.DLL
0x00007ffd1d910000 - 0x00007ffd1da3b000 	C:\Windows\System32\ole32.dll
0x00007ffcfe350000 - 0x00007ffcfe4f7000 	C:\Windows\WinSxS\amd64_microsoft.windows.gdiplus_6595b64144ccf1df_1.1.19041.5915_none_919facb6cc8c4195\gdiplus.dll
0x00007ffd19410000 - 0x00007ffd19424000 	C:\Windows\SYSTEM32\WTSAPI32.dll
0x00007ffcdce10000 - 0x00007ffcdd11b000 	C:\Program Files\Common Files\Microsoft Shared\Office16\mso20win32client.dll
0x00007ffcf2de0000 - 0x00007ffcf2dea000 	C:\Windows\System32\rasctrs.dll
0x00007ffd00c50000 - 0x00007ffd00c84000 	C:\Windows\SYSTEM32\rasman.dll
0x00007ffcf2d30000 - 0x00007ffcf2d38000 	C:\Windows\System32\tapiperf.dll
0x00007ffcf2b20000 - 0x00007ffcf2b28000 	C:\Windows\system32\usbperf.dll
0x00007ffd19b20000 - 0x00007ffd19b2f000 	C:\Windows\System32\perfproc.dll
0x00007ffcf49c0000 - 0x00007ffcf49cf000 	C:\Windows\System32\perfos.dll
0x00007ffcf2990000 - 0x00007ffcf299e000 	C:\Program Files\Java\jdk-21\bin\sunmscapi.dll
0x00007ffd1d010000 - 0x00007ffd1d16d000 	C:\Windows\System32\CRYPT32.dll
0x00007ffd1c840000 - 0x00007ffd1c867000 	C:\Windows\SYSTEM32\ncrypt.dll
0x00007ffd1c800000 - 0x00007ffd1c83b000 	C:\Windows\SYSTEM32\NTASN1.dll
0x00007ffcf2920000 - 0x00007ffcf2930000 	C:\Program Files\Java\jdk-21\bin\verify.dll

dbghelp: loaded successfully - version: 4.0.5 - missing functions: none
symbol engine: initialized successfully - sym options: 0x614 - pdb path: .;C:\Program Files\Java\jdk-21\bin;C:\Windows\SYSTEM32;C:\Windows\WinSxS\amd64_microsoft.windows.common-controls_6595b64144ccf1df_6.0.19041.5915_none_60b4b9d171f9c7c7;C:\Program Files\Java\jdk-21\bin\server;C:\Program Files\JetBrains\IntelliJ IDEA 2024.3\bin;C:\PROGRA~1\MICROS~1\Office16;C:\Windows\WinSxS\amd64_microsoft.windows.gdiplus_6595b64144ccf1df_1.1.19041.5915_none_919facb6cc8c4195;C:\Program Files\Common Files\Microsoft Shared\Office16

VM Arguments:
jvm_args: -javaagent:C:\Program Files\JetBrains\IntelliJ IDEA 2024.3\lib\idea_rt.jar=60906:C:\Program Files\JetBrains\IntelliJ IDEA 2024.3\bin -Dfile.encoding=UTF-8 -Dsun.stdout.encoding=UTF-8 -Dsun.stderr.encoding=UTF-8 
java_command: com.assuflex.assuflexapi.AssuflexApiApplication
java_class_path (initial): C:\ASSU-Project\assuflex-api\target\classes;C:\Users\nidhal\.m2\repository\org\springframework\boot\spring-boot-starter-actuator\3.4.4\spring-boot-starter-actuator-3.4.4.jar;C:\Users\nidhal\.m2\repository\org\springframework\boot\spring-boot-starter\3.4.4\spring-boot-starter-3.4.4.jar;C:\Users\nidhal\.m2\repository\org\springframework\boot\spring-boot-starter-logging\3.4.4\spring-boot-starter-logging-3.4.4.jar;C:\Users\nidhal\.m2\repository\ch\qos\logback\logback-classic\1.5.18\logback-classic-1.5.18.jar;C:\Users\nidhal\.m2\repository\ch\qos\logback\logback-core\1.5.18\logback-core-1.5.18.jar;C:\Users\nidhal\.m2\repository\org\apache\logging\log4j\log4j-to-slf4j\2.24.3\log4j-to-slf4j-2.24.3.jar;C:\Users\nidhal\.m2\repository\org\apache\logging\log4j\log4j-api\2.24.3\log4j-api-2.24.3.jar;C:\Users\nidhal\.m2\repository\org\slf4j\jul-to-slf4j\2.0.17\jul-to-slf4j-2.0.17.jar;C:\Users\nidhal\.m2\repository\jakarta\annotation\jakarta.annotation-api\2.1.1\jakarta.annotation-api-2.1.1.jar;C:\Users\nidhal\.m2\repository\org\yaml\snakeyaml\2.3\snakeyaml-2.3.jar;C:\Users\nidhal\.m2\repository\org\springframework\boot\spring-boot-actuator-autoconfigure\3.4.4\spring-boot-actuator-autoconfigure-3.4.4.jar;C:\Users\nidhal\.m2\repository\org\springframework\boot\spring-boot-actuator\3.4.4\spring-boot-actuator-3.4.4.jar;C:\Users\nidhal\.m2\repository\com\fasterxml\jackson\datatype\jackson-datatype-jsr310\2.18.3\jackson-datatype-jsr310-2.18.3.jar;C:\Users\nidhal\.m2\repository\io\micrometer\micrometer-observation\1.14.5\micrometer-observation-1.14.5.jar;C:\Users\nidhal\.m2\repository\io\micrometer\micrometer-commons\1.14.5\micrometer-commons-1.14.5.jar;C:\Users\nidhal\.m2\repository\io\micrometer\micrometer-jakarta9\1.14.5\micrometer-jakarta9-1.14.5.jar;C:\Users\nidhal\.m2\repository\io\micrometer\micrometer-core\1.14.5\micrometer-core-1.14.5.jar;C:\Users\nidhal\.m2\repository\org\hdrhistogram\HdrHistogram\2.2.2\HdrHistogram-2.2.2.jar;C:\Users\nidhal\.m2\repository\org\latencyutils\LatencyUtils\2.0.3\LatencyUtils-2.0.3.jar;C:\Users\nidhal\.m2\repository\org\springframework\boot\spring-boot-starter-data-jpa\3.4.4\spring-boot-starter-data-jpa-3.4.4.jar;C:\Users\nidhal\.m2\repository\org\springframework\boot\spring-boot-starter-jdbc\3.4.4\spring-boot-starter-jdbc-3.4.4.jar;C:\Users\nidhal\.m2\repository\com\zaxxer\HikariCP\5.1.0\HikariCP-5.1.0.jar;C:\Users\nidhal\.m2\repository\org\springframework\spring-jdbc\6.2.5\spring-jdbc-6.2.5.jar;C:\Users\nidhal\.m2\repository\org\hibernate\orm\hibernate-core\6.6.11.Final\hibernate-core-6.6.11.Final.jar;C:\Users\nidhal\.m2\repository\jakarta\persistence\jakarta.persistence-api\3.1.0\jakarta.persistence-api-3.1.0.jar;C:\Users\nidhal\.m2\repository\jakarta\transaction\jakarta.transaction-api\2.0.1\jakarta.transaction-api-2.0.1.jar;C:\Users\nidhal\.m2\repository\org\jboss\logging\jboss-logging\3.6.1.Final\jboss-logging-3.6.1.Final.jar;C:\Users\nidhal\.m2\repository\org\hibernate\common\hibernate-commons-annotations\7.0.3.Final\hibernate-commons-annotations-7.0.3.Final.jar;C:\Users\nidhal\.m2\repository\io\smallrye\jandex\3.2.0\jandex-3.2.0.jar;C:\Users\nidhal\.m2\repository\com\fasterxml\classmate\1.7.0\classmate-1.7.0.jar;C:\Users\nidhal\.m2\repository\net\bytebuddy\byte-buddy\1.15.11\byte-buddy-1.15.11.jar;C:\Users\nidhal\.m2\repository\org\glassfish\jaxb\jaxb-runtime\4.0.5\jaxb-runtime-4.0.5.jar;C:\Users\nidhal\.m2\repository\org\glassfish\jaxb\jaxb-core\4.0.5\jaxb-core-4.0.5.jar;C:\Users\nidhal\.m2\repository\org\glassfish\jaxb\txw2\4.0.5\txw2-4.0.5.jar;C:\Users\nidhal\.m2\repository\com\sun\istack\istack-commons-runtime\4.1.2\istack-commons-runtime-4.1.2.jar;C:\Users\nidhal\.m2\repository\jakarta\inject\jakarta.inject-api\2.0.1\jakarta.inject-api-2.0.1.jar;C:\Users\nidhal\.m2\repository\org\antlr\antlr4-runtime\4.13.0\antlr4-runtime-4.13.0.jar;C:\Users\nidhal\.m2\repository\org\springframework\data\spring-data-jpa\3.4.4\spring-data-jpa-3.4.4.jar;C:\Users\nidhal\.m2\repository\org\springframework\data\spring-data-commons\3.4.4\spring-data-commons-3.4.4.jar;C:\Users\nidhal\.m2\repository\org\springframework\spring-orm\6.2.5\spring-orm-6.2.5.jar;C:\Users\nidhal\.m2\repository\org\springframework\spring-context\6.2.5\spring-context-6.2.5.jar;C:\Users\nidhal\.m2\repository\org\springframework\spring-tx\6.2.5\spring-tx-6.2.5.jar;C:\Users\nidhal\.m2\repository\org\springframework\spring-beans\6.2.5\spring-beans-6.2.5.jar;C:\Users\nidhal\.m2\repository\org\springframework\spring-aspects\6.2.5\spring-aspects-6.2.5.jar;C:\Users\nidhal\.m2\repository\org\aspectj\aspectjweaver\1.9.23\aspectjweaver-1.9.23.jar;C:\Users\nidhal\.m2\repository\org\springframework\boot\spring-boot-starter-mail\3.4.4\spring-boot-starter-mail-3.4.4.jar;C:\Users\nidhal\.m2\repository\org\springframework\spring-context-support\6.2.5\spring-context-support-6.2.5.jar;C:\Users\nidhal\.m2\repository\org\eclipse\angus\jakarta.mail\2.0.3\jakarta.mail-2.0.3.jar;C:\Users\nidhal\.m2\repository\jakarta\activation\jakarta.activation-api\2.1.3\jakarta.activation-api-2.1.3.jar;C:\Users\nidhal\.m2\repository\org\eclipse\angus\angus-activation\2.0.2\angus-activation-2.0.2.jar;C:\Users\nidhal\.m2\repository\com\itextpdf\kernel\7.2.1\kernel-7.2.1.jar;C:\Users\nidhal\.m2\repository\com\itextpdf\io\7.2.1\io-7.2.1.jar;C:\Users\nidhal\.m2\repository\com\itextpdf\commons\7.2.1\commons-7.2.1.jar;C:\Users\nidhal\.m2\repository\org\bouncycastle\bcpkix-jdk15on\1.69\bcpkix-jdk15on-1.69.jar;C:\Users\nidhal\.m2\repository\org\bouncycastle\bcutil-jdk15on\1.69\bcutil-jdk15on-1.69.jar;C:\Users\nidhal\.m2\repository\org\bouncycastle\bcprov-jdk15on\1.69\bcprov-jdk15on-1.69.jar;C:\Users\nidhal\.m2\repository\org\slf4j\slf4j-api\2.0.17\slf4j-api-2.0.17.jar;C:\Users\nidhal\.m2\repository\com\itextpdf\html2pdf\4.0.1\html2pdf-4.0.1.jar;C:\Users\nidhal\.m2\repository\com\itextpdf\forms\7.2.1\forms-7.2.1.jar;C:\Users\nidhal\.m2\repository\com\itextpdf\layout\7.2.1\layout-7.2.1.jar;C:\Users\nidhal\.m2\repository\com\itextpdf\svg\7.2.1\svg-7.2.1.jar;C:\Users\nidhal\.m2\repository\com\itextpdf\styled-xml-parser\7.2.1\styled-xml-parser-7.2.1.jar;C:\Users\nidhal\.m2\repository\org\springframework\boot\spring-boot-starter-security\3.4.4\spring-boot-starter-security-3.4.4.jar;C:\Users\nidhal\.m2\repository\org\springframework\spring-aop\6.2.5\spring-aop-6.2.5.jar;C:\Users\nidhal\.m2\repository\org\springframework\security\spring-security-config\6.4.4\spring-security-config-6.4.4.jar;C:\Users\nidhal\.m2\repository\org\springframework\security\spring-security-web\6.4.4\spring-security-web-6.4.4.jar;C:\Users\nidhal\.m2\repository\org\springframework\spring-expression\6.2.5\spring-expression-6.2.5.jar;C:\Users\nidhal\.m2\repository\org\springframework\boot\spring-boot-starter-validation\3.4.4\spring-boot-starter-validation-3.4.4.jar;C:\Users\nidhal\.m2\repository\org\apache\tomcat\embed\tomcat-embed-el\10.1.39\tomcat-embed-el-10.1.39.jar;C:\Users\nidhal\.m2\repository\org\hibernate\validator\hibernate-validator\8.0.2.Final\hibernate-validator-8.0.2.Final.jar;C:\Users\nidhal\.m2\repository\jakarta\validation\jakarta.validation-api\3.0.2\jakarta.validation-api-3.0.2.jar;C:\Users\nidhal\.m2\repository\org\springframework\boot\spring-boot-starter-web\3.4.4\spring-boot-starter-web-3.4.4.jar;C:\Users\nidhal\.m2\repository\org\springframework\boot\spring-boot-starter-json\3.4.4\spring-boot-starter-json-3.4.4.jar;C:\Users\nidhal\.m2\repository\com\fasterxml\jackson\datatype\jackson-datatype-jdk8\2.18.3\jackson-datatype-jdk8-2.18.3.jar;C:\Users\nidhal\.m2\repository\com\fasterxml\jackson\module\jackson-module-parameter-names\2.18.3\jackson-module-parameter-names-2.18.3.jar;C:\Users\nidhal\.m2\repository\org\springframework\boot\spring-boot-starter-tomcat\3.4.4\spring-boot-starter-tomcat-3.4.4.jar;C:\Users\nidhal\.m2\repository\org\apache\tomcat\embed\tomcat-embed-core\10.1.39\tomcat-embed-core-10.1.39.jar;C:\Users\nidhal\.m2\repository\org\apache\tomcat\embed\tomcat-embed-websocket\10.1.39\tomcat-embed-websocket-10.1.39.jar;C:\Users\nidhal\.m2\repository\org\springframework\spring-web\6.2.5\spring-web-6.2.5.jar;C:\Users\nidhal\.m2\repository\org\springframework\spring-webmvc\6.2.5\spring-webmvc-6.2.5.jar;C:\Users\nidhal\.m2\repository\org\springframework\boot\spring-boot-devtools\3.4.4\spring-boot-devtools-3.4.4.jar;C:\Users\nidhal\.m2\repository\org\springframework\boot\spring-boot\3.4.4\spring-boot-3.4.4.jar;C:\Users\nidhal\.m2\repository\org\springframework\boot\spring-boot-autoconfigure\3.4.4\spring-boot-autoconfigure-3.4.4.jar;C:\Users\nidhal\.m2\repository\org\postgresql\postgresql\42.7.5\postgresql-42.7.5.jar;C:\Users\nidhal\.m2\repository\org\checkerframework\checker-qual\3.48.3\checker-qual-3.48.3.jar;C:\Users\nidhal\.m2\repository\io\jsonwebtoken\jjwt-api\0.12.5\jjwt-api-0.12.5.jar;C:\Users\nidhal\.m2\repository\io\jsonwebtoken\jjwt-impl\0.12.5\jjwt-impl-0.12.5.jar;C:\Users\nidhal\.m2\repository\io\jsonwebtoken\jjwt-jackson\0.12.5\jjwt-jackson-0.12.5.jar;C:\Users\nidhal\.m2\repository\com\fasterxml\jackson\core\jackson-databind\2.18.3\jackson-databind-2.18.3.jar;C:\Users\nidhal\.m2\repository\com\fasterxml\jackson\core\jackson-annotations\2.18.3\jackson-annotations-2.18.3.jar;C:\Users\nidhal\.m2\repository\com\fasterxml\jackson\core\jackson-core\2.18.3\jackson-core-2.18.3.jar;C:\Users\nidhal\.m2\repository\jakarta\xml\bind\jakarta.xml.bind-api\4.0.2\jakarta.xml.bind-api-4.0.2.jar;C:\Users\nidhal\.m2\repository\org\springframework\spring-core\6.2.5\spring-core-6.2.5.jar;C:\Users\nidhal\.m2\repository\org\springframework\spring-jcl\6.2.5\spring-jcl-6.2.5.jar;C:\Users\nidhal\.m2\repository\org\springframework\security\spring-security-core\6.4.4\spring-security-core-6.4.4.jar;C:\Users\nidhal\.m2\repository\org\springframework\security\spring-security-crypto\6.4.4\spring-security-crypto-6.4.4.jar;C:\Users\nidhal\.m2\repository\org\springframework\boot\spring-boot-starter-thymeleaf\3.4.4\spring-boot-starter-thymeleaf-3.4.4.jar;C:\Users\nidhal\.m2\repository\org\thymeleaf\thymeleaf-spring6\3.1.3.RELEASE\thymeleaf-spring6-3.1.3.RELEASE.jar;C:\Users\nidhal\.m2\repository\org\thymeleaf\thymeleaf\3.1.3.RELEASE\thymeleaf-3.1.3.RELEASE.jar;C:\Users\nidhal\.m2\repository\org\attoparser\attoparser\2.0.7.RELEASE\attoparser-2.0.7.RELEASE.jar;C:\Users\nidhal\.m2\repository\org\unbescape\unbescape\1.1.6.RELEASE\unbescape-1.1.6.RELEASE.jar;C:\Users\nidhal\.m2\repository\org\thymeleaf\extras\thymeleaf-extras-springsecurity6\3.1.3.RELEASE\thymeleaf-extras-springsecurity6-3.1.3.RELEASE.jar;C:\Users\nidhal\.m2\repository\com\stripe\stripe-java\29.0.0\stripe-java-29.0.0.jar;C:\Users\nidhal\.m2\repository\com\google\code\gson\gson\2.11.0\gson-2.11.0.jar;C:\Users\nidhal\.m2\repository\com\google\errorprone\error_prone_annotations\2.27.0\error_prone_annotations-2.27.0.jar
Launcher Type: SUN_STANDARD

[Global flags]
     intx CICompilerCount                          = 3                                         {product} {ergonomic}
     uint ConcGCThreads                            = 1                                         {product} {ergonomic}
     uint G1ConcRefinementThreads                  = 4                                         {product} {ergonomic}
   size_t G1HeapRegionSize                         = 1048576                                   {product} {ergonomic}
    uintx GCDrainStackTargetSize                   = 64                                        {product} {ergonomic}
   size_t InitialHeapSize                          = 100663296                                 {product} {ergonomic}
   size_t MarkStackSize                            = 4194304                                   {product} {ergonomic}
   size_t MaxHeapSize                              = 1595932672                                {product} {ergonomic}
   size_t MaxNewSize                               = 957349888                                 {product} {ergonomic}
   size_t MinHeapDeltaBytes                        = 1048576                                   {product} {ergonomic}
   size_t MinHeapSize                              = 8388608                                   {product} {ergonomic}
    uintx NonNMethodCodeHeapSize                   = 5832780                                {pd product} {ergonomic}
    uintx NonProfiledCodeHeapSize                  = 122912730                              {pd product} {ergonomic}
    uintx ProfiledCodeHeapSize                     = 122912730                              {pd product} {ergonomic}
    uintx ReservedCodeCacheSize                    = 251658240                              {pd product} {ergonomic}
     bool SegmentedCodeCache                       = true                                      {product} {ergonomic}
   size_t SoftMaxHeapSize                          = 1595932672                             {manageable} {ergonomic}
     bool UseCompressedOops                        = true                           {product lp64_product} {ergonomic}
     bool UseG1GC                                  = true                                      {product} {ergonomic}
     bool UseLargePagesIndividualAllocation        = false                                  {pd product} {ergonomic}

Logging:
Log output configuration:
 #0: stdout all=warning uptime,level,tags foldmultilines=false
 #1: stderr all=off uptime,level,tags foldmultilines=false

Environment Variables:
JAVA_HOME=C:\Program Files\Java\jdk-21
PATH=C:\Program Files\Common Files\Oracle\Java\javapath;C:\Program Files (x86)\Common Files\Oracle\Java\java8path;C:\Program Files (x86)\Common Files\Oracle\Java\javapath;C:\Windows\system32;C:\Windows;C:\Windows\System32\Wbem;C:\Windows\System32\WindowsPowerShell\v1.0\;C:\Windows\System32\OpenSSH\;C:\TDM-GCC-64\bin;C:\Program Files\MongoDB\Server\7.0\bin;C:\mongosh-2.1.1-win32-x64\bin;C:\Program Files\Git\cmd;C:\Windows\System32\cmd.exe;C:\xampp\php;C:\Program Files\Docker\Docker\resources\bin;C:\hadoop\bin;C:\hadoop\sbin;C:\apache-maven\apache-maven-3.9.9\bin;%JAVA_HOME%\bin;C:\Program Files (x86)\Nmap;C:\Program Files\nodejs\;C:\Program Files\PostgreSQL\17\bin;c:\Users\nidhal\AppData\Local\Programs\Trae\bin;C:\Users\nidhal\scoop\shims;C:\Program Files\Java\jdk-21\bin;C:\Users\nidhal\dev\flutter\bin;C:\Users\nidhal\AppData\Local\Programs\Python\Python311\Scripts\;C:\Users\nidhal\AppData\Local\Programs\Python\Python311\;C:\Users\nidhal\AppData\Local\Microsoft\WindowsApps;C:\Users\nidhal\AppData\Local\Programs\Microsoft VS Code\bin;C:\Users\nidhal\AppData\Local\JetBrains\Toolbox\scripts;C:\Program Files (x86;C:\Users\nidhal\AppData\Local\JetBrains\WebStorm 2024.3.4\bin;C:\Users\nidhal\AppData\Local\Programs\cursor\resources\app\bin;C:\Users\nidhal\AppData\Roaming\npm
USERNAME=nidhal
OS=Windows_NT
PROCESSOR_IDENTIFIER=AMD64 Family 23 Model 24 Stepping 1, AuthenticAMD
TMP=C:\Users\nidhal\AppData\Local\Temp
TEMP=C:\Users\nidhal\AppData\Local\Temp




Periodic native trim disabled

---------------  S Y S T E M  ---------------

OS:
 Windows 10 , 64 bit Build 19041 (10.0.19041.5915)
OS uptime: 2 days 7:16 hours
Hyper-V role detected

CPU: total 4 (initial active 4) (4 cores per cpu, 2 threads per core) family 23 model 24 stepping 1 microcode 0x0, cx8, cmov, fxsr, ht, mmx, 3dnowpref, sse, sse2, sse3, ssse3, sse4a, sse4.1, sse4.2, popcnt, lzcnt, tsc, tscinvbit, avx, avx2, aes, clmul, bmi1, bmi2, adx, sha, fma, vzeroupper, clflush, clflushopt, hv, rdtscp, f16c
Processor Information for all 4 processors :
  Max Mhz: 2600, Current Mhz: 2600, Mhz Limit: 2600

Memory: 4k page, system-wide physical 6082M (144M free)
TotalPageFile size 24514M (AvailPageFile size 3M)
current process WorkingSet (physical memory assigned to process): 269M, peak: 277M
current process commit charge ("private bytes"): 324M, peak: 327M

vm_info: Java HotSpot(TM) 64-Bit Server VM (21.0.5+9-LTS-239) for windows-amd64 JRE (21.0.5+9-LTS-239), built on 2024-09-30T05:17:38Z by "mach5one" with MS VC++ 17.6 (VS2022)

END.
